-- The C compiler identification is GNU 9.4.0
-- The CXX compiler identification is GNU 9.4.0
-- Check for working C compiler: /usr/bin/cc
-- Check for working C compiler: /usr/bin/cc -- works
-- Detecting C compiler ABI info
-- Detecting C compiler ABI info - done
-- Detecting C compile features
-- Detecting C compile features - done
-- Check for working CXX compiler: /usr/bin/c++
-- Check for working CXX compiler: /usr/bin/c++ -- works
-- Detecting CXX compiler ABI info
-- Detecting CXX compiler ABI info - done
-- Detecting CXX compile features
-- Detecting CXX compile features - done
-- Using IMU_TYPE: IMU
-- Found Torch: /package/ThirdParty/libtorch/lib/libtorch.so  
-- Looking for pthread.h
-- Looking for pthread.h - found
-- Performing Test CMAKE_HAVE_LIBC_PTHREAD
-- Performing Test CMAKE_HAVE_LIBC_PTHREAD - Failed
-- Looking for pthread_create in pthreads
-- Looking for pthread_create in pthreads - not found
-- Looking for pthread_create in pthread
-- Looking for pthread_create in pthread - found
-- Found Threads: TRUE  
-- Found PkgConfig: /usr/bin/pkg-config (found version "0.29.1") 
-- Checking for module 'glib-2.0'
--   Found glib-2.0, version 2.64.6
-- Configuring done
-- Generating done
-- Build files have been written to: /validation/customer/IMU/mujoco_sim_mini
Scanning dependencies of target main
[ 42%] Building CXX object CMakeFiles/main.dir/ZeroState/src/ZeroState.cpp.o
[ 42%] Building C object CMakeFiles/main.dir/device/IMU/serial_port.c.o
[ 42%] Building CXX object CMakeFiles/main.dir/RobotStart/mujoco_sim/main.cc.o
[ 57%] Building CXX object CMakeFiles/main.dir/device/IMU/IMUReader.cpp.o
[ 71%] Building C object CMakeFiles/main.dir/device/IMU/log.c.o
[ 85%] Building CXX object CMakeFiles/main.dir/StateMachine/src/statemachinemanager.cpp.o
[100%] Linking CXX executable main
[100%] Built target main
