PASS load /package/RL_deploy_taichi/model/policy_ok_taichi28_ok.pt
PASS load /package/RL_deploy_taichi/model/policy_48.pt
PASS load /package/RL_deploy_taichi/model/policy_ok_taichi35_ok.pt
PASS load /package/RL_deploy_taichi/model/policy_ok_taichi38.pt
PASS load /package/RL_deploy_taichi/model/policy_27.pt
PASS load /package/RL_deploy_taichi/model/policy_ok_taichi31_ok.pt
PASS load /package/RL_deploy_mimic/model/jit_v53_last.pt
PASS load /package/RL_deploy_mimic/model/jit_v39_taichi_last.pt
PASS load /package/RL_deploy_introduct/model/policy_ok_taichi28_ok.pt
PASS load /package/RL_deploy_introduct/model/policy_dance.pt
PASS load /package/RL_deploy_introduct/model/policy_48.pt
PASS load /package/RL_deploy_introduct/model/policy_6.pt
PASS load /package/RL_deploy_introduct/model/policy_walk2.pt
PASS load /package/RL_deploy_introduct/model/policy_ok_taichi35_ok.pt
PASS load /package/RL_deploy_introduct/model/policy_walkaround.pt
PASS load /package/RL_deploy_introduct/model/policy_walkaround1.pt
PASS load /package/RL_deploy_introduct/model/policy_ok_taichi38.pt
PASS load /package/RL_deploy_introduct/model/policy_selfintro.pt
PASS load /package/RL_deploy_introduct/model/policy_haixinsha.pt
PASS load /package/RL_deploy_introduct/model/policy_3.pt
PASS load /package/RL_deploy_introduct/model/policy_walk.pt
PASS load /package/RL_deploy_introduct/model/policy_27.pt
PASS load /package/RL_deploy_introduct/model/policy_1.pt
PASS load /package/RL_deploy_introduct/model/policy_2.pt
PASS load /package/RL_deploy_introduct/model/policy_ok_taichi31_ok.pt
PASS load /package/RL_deploy_dance/model/policy_dance12.pt
PASS load /package/RL_deploy_kongfu/model/policy_ok_kongfu38.pt
PASS load /package/RL_deploy_forward_kick/model/Feb_28_kick_mod_termi_model_30000.pt
PASS load /package/RL_deploy_long_motion/model/policy_48.pt
PASS load /package/RL_deploy_long_motion/model/policy_27.pt
PASS load /package/RL_deploy_lower_cpg/model/cpg_policy.pt
PASS load /package/RL_deploy_ase/exported_calm_h1/h1_policy.pt
PASS load /package/RL_deploy_ase/exported_calm_h1/514/h1_policy.pt
PASS load /package/RL_deploy_ase/config/h1_policy.pt
PASS load /package/RL_deploy_ase/model/policy.pt
PASS load /package/RL_deploy_ase/exported_h1/h1_policy_0422_1.pt
PASS load /package/RL_deploy_ase/exported_h1/0423/h1_policy.pt
PASS load /package/RL_deploy_ase/exported_h1/0709_supernice/h1_policy.pt
PASS load /package/RL_deploy_ase/exported_h1/h1_policy_0422.pt
PASS load /package/RL_deploy_ase/exported_h1/h1_policy_4skills_0420.pt
PASS load /package/RL_deploy_ase/exported_h1/h1_policy_4skills1.pt
PASS load /package/RL_deploy_ase/exported_h1/0713_fast_kick/h1_policy.pt
PASS load /package/RL_deploy_ase/exported_h1/0604_prototype/h1_policy.pt
PASS load /package/RL_deploy_ase/exported_h1/0521/h1_policy_4skill.pt
PASS load /package/RL_deploy_ase/exported_h1/0521/h1_policy_3.pt
PASS load /package/RL_deploy_ase/exported_h1/0623_walk/h1_policy.pt
PASS load /package/RL_deploy_ase/exported_h1/0608/h1_policy.pt
PASS load /package/RL_deploy_ase/exported_h1/0608/h1_policy_21600.pt
PASS load /package/RL_deploy_ase/exported_h1/0608/h1_policy_35000.pt
PASS load /package/RL_deploy_ase/exported_h1/h1_policy_4skills_0421_push.pt
PASS load /package/RL_deploy_ase/exported_h1/0525/h1_policy.pt
PASS load /package/RL_deploy_ase/exported_h1/0708/h1_policy.pt
PASS load /package/RL_deploy_ase/exported_h1/0617/h1_policy.pt
PASS load /package/RL_deploy_ase/exported_h1/0624_add_walk/h1_policy.pt
PASS load /package/RL_deploy_ase/exported_h1/0717_1/h1_policy.pt
PASS load /package/RL_deploy_ase/exported_h1/h1_policy_2skills.pt
PASS load /package/RL_deploy_ase/exported_h1/h1_policy_4skills.pt
PASS load /package/RL_deploy_ase/exported_h1/0604/h1_policy.pt
PASS load /package/RL_deploy_ase/exported_h1/0717/h1_policy.pt
PASS load /package/RL_deploy_ase/exported_h1/0715/h1_policy.pt
PASS load /package/RL_deploy_ase/exported_h1/h1_policy_0422_good.pt
PASS load /package/RL_deploy_ase/exported_hlc/llc_policy.pt
PASS load /package/RL_deploy_ase/exported_hlc/policy.pt
PASS load /package/RL_deploy_ase/exported_h0/policy_kick_12000.pt
PASS load /package/RL_deploy_ase/exported_h0/h1_policy.pt
PASS load /package/RL_deploy_ase/exported_h0/policy_kick_22000.pt
PASS load /package/RL_deploy_ase/exported_h0/policy_kick_15000.pt
PASS load /package/RL_deploy_ase/exported_h0/policy.pt
PASS load /package/RL_deploy_crane_down/model/cpg_policy.pt
PASS load /package/RL_deploy_climb_up/model/cpg_policy.pt
PASS load /package/RL_deploy_climb_up/model/0309_4090_3/172926_40400/cpg_policy.pt
PASS load /package/RL_deploy_cpg/model/0401_1519/cpg_policy.pt
PASS load /package/RL_deploy_cpg/model/0304_4090_2_2114_22550/cpg_policy.pt
PASS load /package/RL_deploy_cpg/model/0513_1650_7000/cpg_policy.pt
PASS load /package/RL_deploy_cpg/model/0324_1222_800_c2_climb_walk/cpg_policy.pt
PASS load /package/RL_deploy_cpg/model/0309_0223_12350/cpg_policy.pt
PASS load /package/RL_deploy_cpg/model/0314/cpg_policy.pt
PASS load /package/RL_deploy_cpg/model/0314_0252_8850/cpg_policy.pt
PASS load /package/RL_deploy_cpg/model/0317_c2_mirror/cpg_policy.pt
PASS load /package/RL_deploy_cpg/model/0225_amp_c2_policy/cpg_policy.pt
PASS load /package/RL_deploy_forward_punch/model/Feb_05_c2_punch.pt
Loaded 81 TorchScript models without hardware access.
